[creatoressa.ru/cv/index.html]
[backblue.gif]
[fade.gif]
[index.html]
[creatoressa.ru/cv/creatoressa.ru/cv]
[static.tildacdn.com/tild3734-3035-4838-b261-313761383833/faviconico.jpg]
[neo.tildacdn.com/js/tilda-fallback-1.0.min.js]
[static.tildacdn.com/css/tilda-grid-3.0.min.css]
[static.tildacdn.com/ws/project3829400/tilda-blocks-page29663431.min79d5.css]
[static.tildacdn.com/css/tilda-animation-2.0.min.css]
[static.tildacdn.com/css/tilda-popup-1.1.min.css]
[static.tildacdn.com/css/tilda-slds-1.4.min.css]
[static.tildacdn.com/css/tilda-zero-gallery-1.0.min.css]
[static.tildacdn.com/js/tilda-polyfill-1.0.min.js]
[static.tildacdn.com/css/fonts-arial.css]
[creatoressa.ru/cv/OPR/index.html]
[static.tildacdn.com/js/tilda-scripts-3.0.min.js]
[static.tildacdn.com/ws/project3829400/tilda-blocks-page29663431.min79d5.js]
[static.tildacdn.com/js/tilda-lazyload-1.0.min.js]
[static.tildacdn.com/js/tilda-animation-2.0.min.js]
[static.tildacdn.com/js/tilda-zero-1.1.min.js]
[static.tildacdn.com/js/tilda-popup-1.0.min.js]
[static.tildacdn.com/js/tilda-t635-typed-1.0.min.js]
[static.tildacdn.com/js/tilda-slds-1.4.min.js]
[static.tildacdn.com/js/tilda-zero-gallery-1.0.min.js]
[static.tildacdn.com/js/hammer.min.js]
[static.tildacdn.com/js/tilda-animation-sbs-1.0.min.js]
[static.tildacdn.com/js/tilda-zero-scale-1.0.min.js]
[static.tildacdn.com/js/tilda-events-1.0.min.js]
[static.tildacdn.com/img/tildacopy.png]
[creatoressa.ru/cv/index.html]
[creatoressa.ru/cv/creatoressa.ru/cv.html]
[static.tildacdn.com/css/tilda-grid-3.0.min.css]
[static.tildacdn.com/ws/project3829400/tilda-blocks-page29663431.min79d5.css]
[static.tildacdn.com/css/tilda-animation-2.0.min.css]
[static.tildacdn.com/css/tilda-popup-1.1.min.css]
[static.tildacdn.com/css/tilda-slds-1.4.min.css]
[static.tildacdn.com/css/tilda-zero-gallery-1.0.min.css]
[creatoressa.ru/cv/OPR/index.html]
[static.tildacdn.com/css/fonts-arial.css]
[static.tildacdn.com/js/tilda-stat-1.0.min.js]
